Will be reading data from: "data_biggrid"
Will be writing got and want files to: "gotwant.f32"
Running: -1
Reading data for 1...
Reading from: "data_biggrid/global_data.t0.1.data"
Reading from: "data_biggrid/global_data.t1.1.data"
Reading from: "data_biggrid/p_diag.t0.1.data"
Reading from: "data_biggrid/p_diag.t1.1.data"
Reading from: "data_biggrid/p_int.1.data"
Reading from: "data_biggrid/p_metrics.t0.1.data"
Reading from: "data_biggrid/p_metrics.t1.1.data"
Reading from: "data_biggrid/p_patch.1.data"
Reading from: "data_biggrid/p_prog.t0.1.data"
Reading from: "data_biggrid/p_prog.t1.1.data"
Reading from: "data_biggrid/z_kin_hor_e.t0.1.data"
Reading from: "data_biggrid/z_kin_hor_e.t1.1.data"
Reading from: "data_biggrid/z_vt_ie.t0.1.data"
Reading from: "data_biggrid/z_vt_ie.t1.1.data"
Reading from: "data_biggrid/z_w_concorr_me.t0.1.data"
Reading from: "data_biggrid/z_w_concorr_me.t1.1.data"
Reading from: "data_biggrid/istep.1.data"
Reading from: "data_biggrid/ldeepatmo.1.data"
Reading from: "data_biggrid/lvn_only.1.data"
Reading from: "data_biggrid/ntnd.1.data"
Reading from: "data_biggrid/dt_linintp_ubc.1.data"
Reading from: "data_biggrid/dtime.1.data"
All data read...
GPU Bytes Transferred: 1959854976 (1869.06 MB)
Step 1 variables, extra_diffu: 1, istep: 1, lvn_only: 0, ldeepatmo: 0, substeps: 1
Baseline Real GPU Memory: 7490.94 MB used
Internal GPU Bytes Allocated: 280494264 (267.5 MB)
Real GPU Memory after init: 7772.94 MB used
Residency Increase: 282 MB
Timer velocity_no_nproma_if_prop_lvn_only_0_istep_1 took 3218 us
Step 1 done.
Writing to: "gotwant.f32/global_data_1.got"
Writing to: "gotwant.f32/global_data_1.want"
Writing to: "gotwant.f32/p_diag_1.got"
Writing to: "gotwant.f32/p_diag_1.want"
Writing to: "gotwant.f32/p_metrics_1.got"
Writing to: "gotwant.f32/p_metrics_1.want"
Writing to: "gotwant.f32/p_prog_1.got"
Writing to: "gotwant.f32/p_prog_1.want"
Writing to: "gotwant.f32/z_kin_hor_e_1.got"
Writing to: "gotwant.f32/z_kin_hor_e_1.want"
Writing to: "gotwant.f32/z_vt_ie_1.got"
Writing to: "gotwant.f32/z_vt_ie_1.want"
Writing to: "gotwant.f32/z_w_concorr_me_1.got"
Writing to: "gotwant.f32/z_w_concorr_me_1.want"
Reading data for 2...
Reading from: "data_biggrid/global_data.t0.2.data"
Reading from: "data_biggrid/global_data.t1.2.data"
Reading from: "data_biggrid/p_diag.t0.2.data"
Reading from: "data_biggrid/p_diag.t1.2.data"
Reading from: "data_biggrid/p_int.2.data"
Reading from: "data_biggrid/p_metrics.t0.2.data"
Reading from: "data_biggrid/p_metrics.t1.2.data"
Reading from: "data_biggrid/p_patch.2.data"
Reading from: "data_biggrid/p_prog.t0.2.data"
Reading from: "data_biggrid/p_prog.t1.2.data"
Reading from: "data_biggrid/z_kin_hor_e.t0.2.data"
Reading from: "data_biggrid/z_kin_hor_e.t1.2.data"
Reading from: "data_biggrid/z_vt_ie.t0.2.data"
Reading from: "data_biggrid/z_vt_ie.t1.2.data"
Reading from: "data_biggrid/z_w_concorr_me.t0.2.data"
Reading from: "data_biggrid/z_w_concorr_me.t1.2.data"
Reading from: "data_biggrid/istep.2.data"
Reading from: "data_biggrid/ldeepatmo.2.data"
Reading from: "data_biggrid/lvn_only.2.data"
Reading from: "data_biggrid/ntnd.2.data"
Reading from: "data_biggrid/dt_linintp_ubc.2.data"
Reading from: "data_biggrid/dtime.2.data"
All data read...
GPU Bytes Transferred: 1959854976 (1869.06 MB)
Step 2 variables, extra_diffu: 1, istep: 2, lvn_only: 0, ldeepatmo: 0, substeps: 1
Baseline Real GPU Memory: 9191.44 MB used
Internal GPU Bytes Allocated: 251024575 (239.396 MB)
Real GPU Memory after init: 9441.44 MB used
Residency Increase: 250 MB
Timer velocity_no_nproma_if_prop_lvn_only_0_istep_2 took 1615 us
Step 2 done.
Writing to: "gotwant.f32/global_data_2.got"
Writing to: "gotwant.f32/global_data_2.want"
Writing to: "gotwant.f32/p_diag_2.got"
Writing to: "gotwant.f32/p_diag_2.want"
Writing to: "gotwant.f32/p_metrics_2.got"
Writing to: "gotwant.f32/p_metrics_2.want"
Writing to: "gotwant.f32/p_prog_2.got"
Writing to: "gotwant.f32/p_prog_2.want"
Writing to: "gotwant.f32/z_kin_hor_e_2.got"
Writing to: "gotwant.f32/z_kin_hor_e_2.want"
Writing to: "gotwant.f32/z_vt_ie_2.got"
Writing to: "gotwant.f32/z_vt_ie_2.want"
Writing to: "gotwant.f32/z_w_concorr_me_2.got"
Writing to: "gotwant.f32/z_w_concorr_me_2.want"
Reading data for 7...
Reading from: "data_biggrid/global_data.t0.7.data"
Reading from: "data_biggrid/global_data.t1.7.data"
Reading from: "data_biggrid/p_diag.t0.7.data"
Reading from: "data_biggrid/p_diag.t1.7.data"
Reading from: "data_biggrid/p_int.7.data"
Reading from: "data_biggrid/p_metrics.t0.7.data"
Reading from: "data_biggrid/p_metrics.t1.7.data"
Reading from: "data_biggrid/p_patch.7.data"
Reading from: "data_biggrid/p_prog.t0.7.data"
Reading from: "data_biggrid/p_prog.t1.7.data"
Reading from: "data_biggrid/z_kin_hor_e.t0.7.data"
Reading from: "data_biggrid/z_kin_hor_e.t1.7.data"
Reading from: "data_biggrid/z_vt_ie.t0.7.data"
Reading from: "data_biggrid/z_vt_ie.t1.7.data"
Reading from: "data_biggrid/z_w_concorr_me.t0.7.data"
Reading from: "data_biggrid/z_w_concorr_me.t1.7.data"
Reading from: "data_biggrid/istep.7.data"
Reading from: "data_biggrid/ldeepatmo.7.data"
Reading from: "data_biggrid/lvn_only.7.data"
Reading from: "data_biggrid/ntnd.7.data"
Reading from: "data_biggrid/dt_linintp_ubc.7.data"
Reading from: "data_biggrid/dtime.7.data"
All data read...
GPU Bytes Transferred: 1959854976 (1869.06 MB)
Step 7 variables, extra_diffu: 1, istep: 1, lvn_only: 1, ldeepatmo: 0, substeps: 1
Baseline Real GPU Memory: 12021.1 MB used
Internal GPU Bytes Allocated: 190239935 (181.427 MB)
Real GPU Memory after init: 12213.1 MB used
Residency Increase: 192 MB
Timer velocity_no_nproma_if_prop_lvn_only_1_istep_1 took 1708 us
Step 7 done.
Writing to: "gotwant.f32/global_data_7.got"
Writing to: "gotwant.f32/global_data_7.want"
Writing to: "gotwant.f32/p_diag_7.got"
Writing to: "gotwant.f32/p_diag_7.want"
Writing to: "gotwant.f32/p_metrics_7.got"
Writing to: "gotwant.f32/p_metrics_7.want"
Writing to: "gotwant.f32/p_prog_7.got"
Writing to: "gotwant.f32/p_prog_7.want"
Writing to: "gotwant.f32/z_kin_hor_e_7.got"
Writing to: "gotwant.f32/z_kin_hor_e_7.want"
Writing to: "gotwant.f32/z_vt_ie_7.got"
Writing to: "gotwant.f32/z_vt_ie_7.want"
Writing to: "gotwant.f32/z_w_concorr_me_7.got"
Writing to: "gotwant.f32/z_w_concorr_me_7.want"
Reading data for 9...
Reading from: "data_biggrid/global_data.t0.9.data"
Reading from: "data_biggrid/global_data.t1.9.data"
Reading from: "data_biggrid/p_diag.t0.9.data"
Reading from: "data_biggrid/p_diag.t1.9.data"
Reading from: "data_biggrid/p_int.9.data"
Reading from: "data_biggrid/p_metrics.t0.9.data"
Reading from: "data_biggrid/p_metrics.t1.9.data"
Reading from: "data_biggrid/p_patch.9.data"
Reading from: "data_biggrid/p_prog.t0.9.data"
Reading from: "data_biggrid/p_prog.t1.9.data"
Reading from: "data_biggrid/z_kin_hor_e.t0.9.data"
Reading from: "data_biggrid/z_kin_hor_e.t1.9.data"
Reading from: "data_biggrid/z_vt_ie.t0.9.data"
Reading from: "data_biggrid/z_vt_ie.t1.9.data"
Reading from: "data_biggrid/z_w_concorr_me.t0.9.data"
Reading from: "data_biggrid/z_w_concorr_me.t1.9.data"
Reading from: "data_biggrid/istep.9.data"
Reading from: "data_biggrid/ldeepatmo.9.data"
Reading from: "data_biggrid/lvn_only.9.data"
Reading from: "data_biggrid/ntnd.9.data"
Reading from: "data_biggrid/dt_linintp_ubc.9.data"
Reading from: "data_biggrid/dtime.9.data"
All data read...
GPU Bytes Transferred: 1959854976 (1869.06 MB)
Step 9 variables, extra_diffu: 1, istep: 2, lvn_only: 0, ldeepatmo: 0, substeps: 1
Baseline Real GPU Memory: 13935.9 MB used
Internal GPU Bytes Allocated: 251024575 (239.396 MB)
Real GPU Memory after init: 14185.9 MB used
Residency Increase: 250 MB
Timer velocity_no_nproma_if_prop_lvn_only_0_istep_2 took 673 us
Step 9 done.
Writing to: "gotwant.f32/global_data_9.got"
Writing to: "gotwant.f32/global_data_9.want"
Writing to: "gotwant.f32/p_diag_9.got"
Writing to: "gotwant.f32/p_diag_9.want"
Writing to: "gotwant.f32/p_metrics_9.got"
Writing to: "gotwant.f32/p_metrics_9.want"
Writing to: "gotwant.f32/p_prog_9.got"
Writing to: "gotwant.f32/p_prog_9.want"
Writing to: "gotwant.f32/z_kin_hor_e_9.got"
Writing to: "gotwant.f32/z_kin_hor_e_9.want"
Writing to: "gotwant.f32/z_vt_ie_9.got"
Writing to: "gotwant.f32/z_vt_ie_9.want"
Writing to: "gotwant.f32/z_w_concorr_me_9.got"
Writing to: "gotwant.f32/z_w_concorr_me_9.want"
Reading data for 43...
Reading from: "data_biggrid/global_data.t0.43.data"
Reading from: "data_biggrid/global_data.t1.43.data"
Reading from: "data_biggrid/p_diag.t0.43.data"
Reading from: "data_biggrid/p_diag.t1.43.data"
Reading from: "data_biggrid/p_int.43.data"
Reading from: "data_biggrid/p_metrics.t0.43.data"
Reading from: "data_biggrid/p_metrics.t1.43.data"
Reading from: "data_biggrid/p_patch.43.data"
Reading from: "data_biggrid/p_prog.t0.43.data"
Reading from: "data_biggrid/p_prog.t1.43.data"
Reading from: "data_biggrid/z_kin_hor_e.t0.43.data"
Reading from: "data_biggrid/z_kin_hor_e.t1.43.data"
Reading from: "data_biggrid/z_vt_ie.t0.43.data"
Reading from: "data_biggrid/z_vt_ie.t1.43.data"
Reading from: "data_biggrid/z_w_concorr_me.t0.43.data"
Reading from: "data_biggrid/z_w_concorr_me.t1.43.data"
Reading from: "data_biggrid/istep.43.data"
Reading from: "data_biggrid/ldeepatmo.43.data"
Reading from: "data_biggrid/lvn_only.43.data"
Reading from: "data_biggrid/ntnd.43.data"
Reading from: "data_biggrid/dt_linintp_ubc.43.data"
Reading from: "data_biggrid/dtime.43.data"
All data read...
GPU Bytes Transferred: 1959854976 (1869.06 MB)
Step 43 variables, extra_diffu: 1, istep: 1, lvn_only: 1, ldeepatmo: 0, substeps: 1
Baseline Real GPU Memory: 13731.4 MB used
Internal GPU Bytes Allocated: 190239935 (181.427 MB)
Real GPU Memory after init: 13923.4 MB used
Residency Increase: 192 MB
Timer velocity_no_nproma_if_prop_lvn_only_1_istep_1 took 683 us
Step 43 done.
Writing to: "gotwant.f32/global_data_43.got"
Writing to: "gotwant.f32/global_data_43.want"
Writing to: "gotwant.f32/p_diag_43.got"
Writing to: "gotwant.f32/p_diag_43.want"
Writing to: "gotwant.f32/p_metrics_43.got"
Writing to: "gotwant.f32/p_metrics_43.want"
Writing to: "gotwant.f32/p_prog_43.got"
Writing to: "gotwant.f32/p_prog_43.want"
Writing to: "gotwant.f32/z_kin_hor_e_43.got"
Writing to: "gotwant.f32/z_kin_hor_e_43.want"
Writing to: "gotwant.f32/z_vt_ie_43.got"
Writing to: "gotwant.f32/z_vt_ie_43.want"
Writing to: "gotwant.f32/z_w_concorr_me_43.got"
Writing to: "gotwant.f32/z_w_concorr_me_43.want"
Reading data for 93...
Reading from: "data_biggrid/global_data.t0.93.data"
Reading from: "data_biggrid/global_data.t1.93.data"
Reading from: "data_biggrid/p_diag.t0.93.data"
Reading from: "data_biggrid/p_diag.t1.93.data"
Reading from: "data_biggrid/p_int.93.data"
Reading from: "data_biggrid/p_metrics.t0.93.data"
Reading from: "data_biggrid/p_metrics.t1.93.data"
Reading from: "data_biggrid/p_patch.93.data"
Reading from: "data_biggrid/p_prog.t0.93.data"
Reading from: "data_biggrid/p_prog.t1.93.data"
Reading from: "data_biggrid/z_kin_hor_e.t0.93.data"
Reading from: "data_biggrid/z_kin_hor_e.t1.93.data"
Reading from: "data_biggrid/z_vt_ie.t0.93.data"
Reading from: "data_biggrid/z_vt_ie.t1.93.data"
Reading from: "data_biggrid/z_w_concorr_me.t0.93.data"
Reading from: "data_biggrid/z_w_concorr_me.t1.93.data"
Reading from: "data_biggrid/istep.93.data"
Reading from: "data_biggrid/ldeepatmo.93.data"
Reading from: "data_biggrid/lvn_only.93.data"
Reading from: "data_biggrid/ntnd.93.data"
Reading from: "data_biggrid/dt_linintp_ubc.93.data"
Reading from: "data_biggrid/dtime.93.data"
All data read...
GPU Bytes Transferred: 1959854976 (1869.06 MB)
Step 93 variables, extra_diffu: 1, istep: 2, lvn_only: 0, ldeepatmo: 0, substeps: 1
Baseline Real GPU Memory: 11880.1 MB used
Internal GPU Bytes Allocated: 251024575 (239.396 MB)
Real GPU Memory after init: 12118.7 MB used
Residency Increase: 238.562 MB
Timer velocity_no_nproma_if_prop_lvn_only_0_istep_2 took 667 us
Step 93 done.
Writing to: "gotwant.f32/global_data_93.want"
Writing to: "gotwant.f32/global_data_93.got"
Writing to: "gotwant.f32/p_diag_93.got"
Writing to: "gotwant.f32/p_diag_93.want"
Writing to: "gotwant.f32/p_metrics_93.got"
Writing to: "gotwant.f32/p_metrics_93.want"
Writing to: "gotwant.f32/p_prog_93.got"
Writing to: "gotwant.f32/p_prog_93.want"
Writing to: "gotwant.f32/z_kin_hor_e_93.got"
Writing to: "gotwant.f32/z_kin_hor_e_93.want"
Writing to: "gotwant.f32/z_vt_ie_93.got"
Writing to: "gotwant.f32/z_vt_ie_93.want"
Writing to: "gotwant.f32/z_w_concorr_me_93.got"
Writing to: "gotwant.f32/z_w_concorr_me_93.want"
Reading data for 463...
Reading from: "data_biggrid/global_data.t0.463.data"
Reading from: "data_biggrid/global_data.t1.463.data"
Reading from: "data_biggrid/p_diag.t0.463.data"
Reading from: "data_biggrid/p_diag.t1.463.data"
Reading from: "data_biggrid/p_int.463.data"
Reading from: "data_biggrid/p_metrics.t0.463.data"
Reading from: "data_biggrid/p_metrics.t1.463.data"
Reading from: "data_biggrid/p_patch.463.data"
Reading from: "data_biggrid/p_prog.t0.463.data"
Reading from: "data_biggrid/p_prog.t1.463.data"
Reading from: "data_biggrid/z_kin_hor_e.t0.463.data"
Reading from: "data_biggrid/z_kin_hor_e.t1.463.data"
Reading from: "data_biggrid/z_vt_ie.t0.463.data"
Reading from: "data_biggrid/z_vt_ie.t1.463.data"
Reading from: "data_biggrid/z_w_concorr_me.t0.463.data"
Reading from: "data_biggrid/z_w_concorr_me.t1.463.data"
Reading from: "data_biggrid/istep.463.data"
Reading from: "data_biggrid/ldeepatmo.463.data"
Reading from: "data_biggrid/lvn_only.463.data"
Reading from: "data_biggrid/ntnd.463.data"
Reading from: "data_biggrid/dt_linintp_ubc.463.data"
Reading from: "data_biggrid/dtime.463.data"
All data read...
GPU Bytes Transferred: 1959854976 (1869.06 MB)
Step 463 variables, extra_diffu: 1, istep: 1, lvn_only: 1, ldeepatmo: 0, substeps: 1
Baseline Real GPU Memory: 12002 MB used
Internal GPU Bytes Allocated: 190239935 (181.427 MB)
Real GPU Memory after init: 12194 MB used
Residency Increase: 192 MB
Timer velocity_no_nproma_if_prop_lvn_only_1_istep_1 took 718 us
Step 463 done.
Writing to: "gotwant.f32/global_data_463.got"
Writing to: "gotwant.f32/global_data_463.want"
Writing to: "gotwant.f32/p_diag_463.got"
Writing to: "gotwant.f32/p_diag_463.want"
Writing to: "gotwant.f32/p_metrics_463.got"
Writing to: "gotwant.f32/p_metrics_463.want"
Writing to: "gotwant.f32/p_prog_463.got"
Writing to: "gotwant.f32/p_prog_463.want"
Writing to: "gotwant.f32/z_kin_hor_e_463.got"
Writing to: "gotwant.f32/z_kin_hor_e_463.want"
Writing to: "gotwant.f32/z_vt_ie_463.got"
Writing to: "gotwant.f32/z_vt_ie_463.want"
Writing to: "gotwant.f32/z_w_concorr_me_463.got"
Writing to: "gotwant.f32/z_w_concorr_me_463.want"
Reading data for 519...
Cannot find: "data_biggrid/global_data.t0.519.data"
